// Jest Snapshot v1, https://goo.gl/fbAQLP

exports[`should setup LoginPage correctly 1`] = `
<div
  className="box-layout"
>
  <div
    className="box-layout__box"
  >
    <h1
      className="box-layout__title"
    >
      Boilerplate React app v2
    </h1>
    <p>
      Tag line for app.
    </p>
    <button
      className="button"
    >
      Login with Google
    </button>
  </div>
</div>
`;
